// Jest Snapshot v1, https://goo.gl/fbAQLP

exports[`unknown plugin props -> defineProps: props -> defineProps 1`] = `

export default {
	props: {
		foo: {
			type: String,
			default: 'foo'
		},
		bar: Number
	}
}

      ↓ ↓ ↓ ↓ ↓ ↓

const props = defineProps({
  foo: {
    type: String,
    default: 'foo',
  },
  bar: Number,
})


`;
